Archive member included because of file (symbol)

lib/lib1.a(stdio.o)           shell.o (cls)
lib/lib1.a(stdlib.o)          lib/lib1.a(stdio.o) (atoi)
lib/lib1.a(string.o)          shell.o (strlen)

Allocating common symbols
Common symbol       size              file

pwd                 0x4               shell.o

Memory Configuration

Name             Origin             Length             Attributes
*default*        0x0000000000000000 0xffffffffffffffff

Linker script and memory map

                0x0000000002000000                phys = 0x2000000

.text           0x0000000002000000     0x2000
                0x0000000002000000                code = .
 *(.text)
 .text          0x0000000002000000       0x32 head.o
                0x0000000002000000                _start
                0x0000000002000021                __focos
 *fill*         0x0000000002000032        0x2 00
 .text          0x0000000002000034      0x716 shell.o
                0x0000000002000034                SHELL_CALL_FUNTION
                0x0000000002000063                _pwd
                0x000000000200006b                cmd_help
                0x0000000002000136                cmd_cd
                0x0000000002000377                cmd_cls
                0x0000000002000389                cmd_copy
                0x0000000002000393                cmd_date
                0x000000000200039d                cmd_del
                0x00000000020003a7                cmd_dir
                0x000000000200048b                cmd_echo
                0x0000000002000495                cmd_exit
                0x00000000020004ae                cmd_mov
                0x00000000020004b8                cmd_new
                0x00000000020004c2                cmd_reboot
                0x00000000020004d3                cmd_rename
                0x00000000020004ec                cmd_shutdown
                0x0000000002000505                cmd_time
                0x000000000200050f                cmd_version
                0x0000000002000528                strarg
                0x00000000020005b6                main
 *fill*         0x000000000200074a        0x2 00
 .text          0x000000000200074c      0x3b8 lib/lib1.a(stdio.o)
                0x000000000200074c                cls
                0x0000000002000779                color
                0x00000000020007a4                putchar
                0x00000000020007d9                puts
                0x0000000002000822                printf
                0x00000000020009a7                getchar
                0x00000000020009f5                gets
                0x0000000002000a85                getsn
                0x0000000002000aff                scanf
 .text          0x0000000002000b04      0x142 lib/lib1.a(stdlib.o)
                0x0000000002000b04                atoi
                0x0000000002000be9                i2hex
 *fill*         0x0000000002000c46        0x2 00
 .text          0x0000000002000c48      0x261 lib/lib1.a(string.o)
                0x0000000002000c48                strlen
                0x0000000002000c72                memcpy
                0x0000000002000cb3                strcpy
                0x0000000002000cef                strncpy
                0x0000000002000d29                strcmp
                0x0000000002000d81                strncmp
                0x0000000002000dc0                memset
                0x0000000002000df0                memsetw
                0x0000000002000e22                strcat
                0x0000000002000e68                strtok
 *(.rodata)
 *fill*         0x0000000002000ea9        0x3 00
 .rodata        0x0000000002000eac      0x2a3 shell.o
 *fill*         0x000000000200114f        0x1 00
 .rodata        0x0000000002001150       0xd8 lib/lib1.a(stdio.o)
                0x0000000002002000                . = ALIGN (0x1000)
 *fill*         0x0000000002001228      0xdd8 00

.eh_frame       0x0000000002002000      0x5c0
 .eh_frame      0x0000000002002000      0x2c8 shell.o
 .eh_frame      0x00000000020022c8      0x148 lib/lib1.a(stdio.o)
 .eh_frame      0x0000000002002410       0x58 lib/lib1.a(stdlib.o)
 .eh_frame      0x0000000002002468      0x158 lib/lib1.a(string.o)

.data           0x00000000020025c0      0xa40
                0x00000000020025c0                data = .
 *(.data)
 .data          0x00000000020025c0       0xcc shell.o
                0x00000000020025c0                cmd_table
 .data          0x000000000200268c        0x4 lib/lib1.a(stdio.o)
                0x000000000200268c                sysiomem
 .data          0x0000000002002690        0x0 lib/lib1.a(stdlib.o)
 .data          0x0000000002002690        0x0 lib/lib1.a(string.o)
                0x0000000002003000                . = ALIGN (0x1000)
 *fill*         0x0000000002002690      0x970 00

.bss            0x0000000002003000        0x4
                0x0000000002003000                bss = .
 *(.bss)
 .bss           0x0000000002003000        0x0 shell.o
 .bss           0x0000000002003000        0x0 lib/lib1.a(stdio.o)
 .bss           0x0000000002003000        0x0 lib/lib1.a(stdlib.o)
 .bss           0x0000000002003000        0x0 lib/lib1.a(string.o)
                0x0000000002003000                . = ALIGN (0x1000)
 COMMON         0x0000000002003000        0x4 shell.o
                0x0000000002003000                pwd
                0x0000000002003004                _end = .
LOAD head.o
LOAD shell.o
LOAD lib/lib1.a
OUTPUT(shell.bin binary)

.comment        0x0000000000000000       0xac
 .comment       0x0000000000000000       0x2b shell.o
 .comment       0x000000000000002b       0x2b lib/lib1.a(stdio.o)
 .comment       0x0000000000000056       0x2b lib/lib1.a(stdlib.o)
 .comment       0x0000000000000081       0x2b lib/lib1.a(string.o)

.note.GNU-stack
                0x0000000000000000        0x0
 .note.GNU-stack
                0x0000000000000000        0x0 shell.o
 .note.GNU-stack
                0x0000000000000000        0x0 lib/lib1.a(stdio.o)
 .note.GNU-stack
                0x0000000000000000        0x0 lib/lib1.a(stdlib.o)
 .note.GNU-stack
                0x0000000000000000        0x0 lib/lib1.a(string.o)
